[web/index.html]
[web/images/cd_logo_notext_transparent_aec99db5-1a20-4bf9-8451-063a530791cc_32x320171.png]
[backblue.gif]
[fade.gif]
[index.html]
[web/images/font-awesome.min.css]
[web/images/theme.scsscfcd.css]
[web/images/jquery.min.js]
[web/images/themecfcd.js]
[web/images/trekkie.storefront.min97e4.js]
[web/images/shop_events_listener-acf771159f9849ef6e5265782c99efe8b99406214c96a4373224ecafe285d7bb.js]
[web/images/vendorcfcd.js]
[web/images/ga_urchin_forms-99e991855b3d8ddc69e625c68ab0579dd9927b611c2ec4943d396c72e3af0849.js]
[web/images/cdlogo2_100x6f71.png]
[web/images/storefront-8ddbd55cc19e1ebbff92d676e1481c8e6b42e0c2714d3fdf6b810b1f193347b899c2.js]
[web/images/features-ab33d36b855e9ff61cdb2c97afd04a6560935d2acf4c29db19d5acc40ed80b0d.js]
[web/all.html]
[web/news.html]
[web/about-us.html]
[web/images/untitled_2.002_900x9001ca0.png]
[web/login.html]
[web/images/rgchristmas.001_900x9001921.png]
[web/images/rg_rakhi.001_900x9009de5.png]
[web/images/untitled_2.001_6885c14d-bf1e-4362-94ca-94da0a6ff7c1_900x9008da2.png]
[web/search.html]
[web/index.html]
[web/images/font-awesome.min.css]
[web/images/preloaderea66.gif]
[web/images/theme.scsscfcd.css]
[web/images/all.atom]
[web/images/christmas-edition]
[web/christmas-edition.html]
[web/images/rgchristmas.001_large44ed.png]
[web/images/1-month]
[web/images/amazon_cover_diwali_largea3bc.png]
[web/1-month.html]
[web/images/janmashtami-special-stories-festivals-and-mythologies-of-india]
[web/janmashtami-special-stories-festivals-and-mythologies-of-india.html]
[web/images/amazon_cover_janamashtami_largefcaa.png]
[web/images/legends-of-india-krishna-and-kaliya.20.delayed]
[web/legends-of-india-krishna-and-kaliya.html]
[web/images/amazon_cover_krishna_kaliya_2_large602e.png]
[web/images/legends-of-india-shiva-and-bhasmasur]
[web/legends-of-india-shiva-and-bhasmasur.html]
[web/images/amazon_cover_shiva_bhasmasur_2_largeff23.png]
[web/images/rakhi-special-stories-festivals-and-mythologies-of-india.26.delayed]
[web/rakhi-special-stories-festivals-and-mythologies-of-india.html]
[web/images/amazon_cover_rakhi_large4bf5.png]
[web/images/packery.pkgd.min.js]
[web/all.html]
[web/images/news.atom]
[web/news4658.html]
[web/christmas-joy-in-60-pages.html]
[web/images/photo5519575962761668527_1024x10246f0f.jpg]
[web/spreaddiwalilove3.html]
[web/images/culturedabba-eatpraylovethanks-diwali.003_1024x102470f9.png]
[web/spreaddiwalilove-1.html]
[web/images/culturedabba-eatpraylovethanks-diwali.002_1024x1024ba01.png]
[web/spreaddiwalilove.html]
[web/images/culturedabba-eatpraylovethanks-diwali.001_1024x10249be7.png]
[web/can-you-solve-this-firecracker-puzzle.html]
[web/images/culturedabba-firecracker-sequence-socialmedia_1024x1024c68d.gif]
[web/news.html]
[web/images/untitled_2.002_05c4e899-4837-425a-aa59-2191ffeabb9a_large84c1.png]
[web/about-us.html]
[web/images/shopify_common-8ea6ac3faf357236a97f5de749df4da6e8436ca107bc3a4ee805cbf08bc47392.js]
[web/register.html]
[web/login.html]
[web/images/searchc6df.css]
[web/search.html]
[web/images/christmas-edition.oembed]
[web/images/rgchristmas.001_grande44ed.png]
[web/images/rgchristmas.001_2048x204844ed.png]
[web/images/rgchristmas.001_1024x102444ed.png]
[web/christmas-edition.html]
[web/images/1-month.oembed]
[web/images/amazon_cover_diwali_grandea3bc.png]
[web/images/amazon_cover_diwali_2048x2048a3bc.png]
[web/images/amazon_cover_diwali_1024x1024a3bc.png]
[web/1-month.html]
[web/images/janmashtami-special-stories-festivals-and-mythologies-of-india.oembed]
[web/images/amazon_cover_janamashtami_grandefcaa.png]
[web/images/amazon_cover_janamashtami_2048x2048fcaa.png]
[web/images/amazon_cover_janamashtami_1024x1024fcaa.png]
[web/images/amazon-order_medium89d9.png]
[web/janmashtami-special-stories-festivals-and-mythologies-of-india.html]
[web/images/legends-of-india-krishna-and-kaliya.oembed]
[web/images/amazon_cover_krishna_kaliya_2_grande602e.png]
[web/images/amazon_cover_krishna_kaliya_2_2048x2048602e.png]
[web/images/amazon_cover_krishna_kaliya_2_1024x1024602e.png]
[web/legends-of-india-krishna-and-kaliya.html]
[web/images/legends-of-india-shiva-and-bhasmasur.oembed]
[web/images/amazon_cover_shiva_bhasmasur_2_grandeff23.png]
[web/images/amazon_cover_shiva_bhasmasur_2_2048x2048ff23.png]
[web/images/amazon_cover_shiva_bhasmasur_2_1024x1024ff23.png]
[web/legends-of-india-shiva-and-bhasmasur.html]
[web/images/rakhi-special-stories-festivals-and-mythologies-of-india.oembed]
[web/images/amazon_cover_rakhi_grande4bf5.png]
[web/images/amazon_cover_rakhi_2048x20484bf5.png]
[web/images/amazon_cover_rakhi_1024x10244bf5.png]
[web/rakhi-special-stories-festivals-and-mythologies-of-india.html]
[web/news2679.html]
[web/news9ba9.html]
[web/be-there.html]
[web/images/giphy_1024x1024e774.gif]
[web/believe.html]
[web/images/giphy-downsized-large_1024x1024435d.gif]
[web/forgiveness-in-four-steps.html]
[web/images/forgiveness_keynote.001_1024x10244356.png]
[web/the-ravana-within.html]
[web/images/shutterstock_325338149_converted_1024x1024e002.png]
[web/word-puzzle-pune-to-gaya.html]
[web/images/culturedabba_bhejafry_1024x10243ddd.png]
[web/news4658.html]
[web/amazon.html]
[web/brain-games.html]
[web/children-books.html]
[web/christian.html]
[web/christmas.html]
[web/ebook.html]
[web/games.html]
[web/holidays.html]
[web/indian.html]
[web/puzzles.html]
[web/storybook.html]
[web/christmas-joy-in-60-pages.html]
[web/children.html]
[web/culture.html]
[web/diwali.html]
[web/hinduism.html]
[web/ravan.html]
[web/images/culturedabba-eatpraylovethanks-diwali.003_large66e7.png]
[web/spreaddiwalilove3.html]
[web/dussehra.html]
[web/ram.html]
[web/images/culturedabba-eatpraylovethanks-diwali.002_large52b3.png]
[web/spreaddiwalilove-1.html]
[web/deepavali.html]
[web/kindle.html]
[web/spreaddiwalilove-2.html]
[web/images/culturedabba-eatpraylovethanks-diwali.001_largee530.png]
[web/spreaddiwalilove.html]
[web/braingame.html]
[web/children-games.html]
[web/mind-games.html]
[web/can-you-solve-this-firecracker-puzzle.html]
[web/register.html]
[web/images/searchc6df.css]
[web/index5cb0.html]
[web/indexf265.html]
[web/index6d5e.html]
[web/index066a.html]
[web/indexe967.html]
[web/index9484.html]
[web/news2679.html]
[web/newsfdb0.html]
[web/dandiya-navaratri-jigsaw-puzzle.html]
[web/images/facebook_puzzle_background_images.001_1024x1024d006.png]
[web/play-a-puzzle-word-game-post-answer-in-comments.html]
[web/images/cdpuzzle_1024x10246db1.png]
[web/get-our-diwali-special-from-amazon-http-mybook-to-diwali.html]
[web/images/3c_1024x10241b76.jpg]
[web/onam-ashamsakal-culturedabba-wishes-everyone-a-very-happy-onam.html]
[web/images/happyonampost2017.001_1024x1024771d.jpg]
[web/hiring-now-director-graphic-design-digital-and-print-media.html]
[web/images/director_-_graphic_designer_-_position_1024x1024ce70.png]
[web/news9ba9.html]
[web/family.html]
[web/parenthood.html]
[web/images/giphy_large5946.gif]
[web/be-there.html]
[web/forgiveness.html]
[web/peace.html]
[web/images/giphy-downsized-large_large01f6.gif]
[web/believe.html]
[web/ahimsa.html]
[web/forgiveness-in-four-steps.html]
[web/the-ravana-within.html]
[web/amnesty.html]
[web/riddle.html]
[web/images/culturedabba_bhejafry_large65d1.png]
[web/word-puzzle-pune-to-gaya.html]
[web/images/amazon.atom]
[web/amazon.html]
[web/images/brain-games.atom]
[web/brain-games.html]
[web/images/children-books.atom]
[web/children-books4658.html]
[web/children-books.html]
[web/images/christian.atom]
[web/christian.html]
[web/images/christmas.atom]
[web/christmas.html]
[web/images/ebook.atom]
[web/ebook4658.html]
[web/join-the-cd-team-graphic-designer.html]
[web/images/graphic_designer_-_position_1024x102464fa.png]
[web/writer-ideator-perfectionist.html]
[web/images/culturedabba_-_kuchipudi_1024x10241884.png]
[web/ebook.html]
[web/images/games.atom]
[web/games4658.html]
[web/christmas-tree-jigsaw.html]
[web/images/jigsaw-christmas-tree_1024x10245c84.png]
[web/games.html]
[web/images/holidays.atom]
[web/holidays.html]
[web/images/indian.atom]
[web/indian4658.html]
[web/indian.html]
[web/images/puzzles.atom]
[web/puzzles4658.html]
[web/puzzles.html]
[web/images/storybook.atom]
[web/help-needed-short-story-writer.html]
[web/images/short_story_-_burnt_by_anger_1024x10243c28.png]
[web/shiva-bhasmasur-ebook.html]
[web/images/fr_7_c_1024x1024432a.jpg]
[web/free-worlds-first-fully-interactive-south-asian-kids-ibook-get-it-now.html]
[web/images/one_year_free_gift.001_1024x10244215.jpg]
[web/storybook.html]
[web/indexd264.html]
[web/images/children.atom]
[web/children.html]
[web/children4658.html]
[web/images/culture.atom]
[web/culture4658.html]
[web/images/untitled_1024x1024f549.png]
[web/teaching-kids-forgiveness-4-easy-steps.html]
[web/culture.html]
[web/images/diwali.atom]
[web/diwali4658.html]
[web/diwali.html]
[web/images/hinduism.atom]
[web/hinduism.html]
[web/images/ravan.atom]
[web/ravan.html]
[web/index777b.html]
[web/images/dussehra.atom]
[web/dussehra.html]
[web/images/ram.atom]
[web/ram.html]
[web/index0d91.html]
[web/images/deepavali.atom]
[web/deepavali.html]
[web/kindle.html]
[web/images/kindle.atom]
[web/spreaddiwalilove-2.html]
[web/index62b2.html]
[web/images/spreaddiwalilove.atom]
[web/braingame.html]
[web/images/braingame.atom]
[web/children-games.html]
[web/images/children-games.atom]
[web/mind-games.html]
[web/index9bd1.html]
[web/images/mind-games.atom]
[web/index814b.html]
[web/index270b.html]
[web/index7eae.html]
[web/index5671.html]
[web/index2dd8.html]
[web/index9499.html]
[web/newsaf4d.html]
[web/images/animalriddleimage3_1024x102450d7.png]
[web/free-kindle-book-get-it-now.html]
[web/newsfdb0.html]
[web/navratri-dandiya-hinduism-puzzlefortoday-indianculture.html]
[web/images/facebook_puzzle_background_images.001_large713c.png]
[web/dandiya-navaratri-jigsaw-puzzle.html]
[web/images/cdpuzzle_largec492.png]
[web/play-a-puzzle-word-game-post-answer-in-comments.html]
[web/images/3c_large8e86.jpg]
[web/get-our-diwali-special-from-amazon-http-mybook-to-diwali.html]
[web/onam.html]
[web/images/happyonampost2017.001_large82ed.jpg]
[web/onam-ashamsakal-culturedabba-wishes-everyone-a-very-happy-onam.html]
[web/designer.html]
[web/help-wanted.html]
[web/jobs.html]
[web/hiring-now-director-graphic-design-digital-and-print-media.html]
[web/vacancy.html]
[web/family.html]
[web/images/family.atom]
[web/parenthood.html]
[web/images/parenthood.atom]
[web/indexc739.html]
[web/forgiveness.html]
[web/images/forgiveness.atom]
[web/peace.html]
[web/images/peace.atom]
[web/indexe8b6.html]
[web/ahimsa.html]
[web/images/ahimsa.atom]
[web/amnesty.html]
[web/index591c.html]
[web/indexe6e7.html]
[web/images/amnesty.atom]
[web/riddle.html]
[web/index1db4.html]
[web/images/riddle.atom]
[web/children-books4658.html]
[web/children-books2679.html]
[web/ebook4658.html]
[web/ebook2679.html]
[web/images/graphic_designer_-_position_large9c21.png]
[web/join-the-cd-team-graphic-designer.html]
[web/artist.html]
[web/asian.html]
[web/author.html]
[web/interactive.html]
[web/magazine.html]
[web/images/productimage_sixmonthly_grande_b0bfacfd-71d3-485a-ac10-fc3c53d6aa62_large.dc8b2b.delayed]
[web/writer-ideator-perfectionist.html]
[web/writer.html]
[web/games2679.html]
[web/images/jigsaw-amrit-manthan-image_1024x10244381.png]
[web/jigsaw-amrit-manthan.html]
[web/images/hangman_namesofhanuman_1024x102468a7.png]
[web/guess-5-hanuman-names.html]
[web/images/jigsaw_screenshot_1024x1024ba51.png]
[web/games4658.html]
[web/jig-saw-truck.html]
[web/jig-saw.html]
[web/christmas-tree-jigsaw.html]
[web/indian2679.html]
[web/indian9ba9.html]
[web/indian4658.html]
[web/puzzles2679.html]
[web/puzzles4658.html]
[web/freelance.html]
[web/images/short_story_-_burnt_by_anger_large0f2b.png]
[web/help-needed-short-story-writer.html]
[web/free.html]
[web/ibook.html]
[web/shiva-bhasmasur-ebook.html]
[web/free-worlds-first-fully-interactive-south-asian-kids-ibook-get-it-now.html]
[web/shiva.html]
[web/index2189.html]
[web/children2679.html]
[web/children4658.html]
[web/children9ba9.html]
[web/culture2679.html]
[web/independent-culturedabba-review-by-vimaneea.html]
[web/images/vimaneaa_1024x10248497.png]
[web/culture4658.html]
[web/educational.html]
[web/learning.html]
[web/teaching-kids-forgiveness-4-easy-steps.html]
[web/diwali2679.html]
[web/diwali4658.html]
[web/index6c23.html]
[web/indexa519.html]
[web/index0be4.html]
[web/indexce3d.html]
[web/newsc575.html]
[web/this-shivratri-read-bhasmasur-story-with-your-kids.html]
[web/images/fb_advertisement_post.001_1024x1024df77.jpg]
[web/newsaf4d.html]
[web/images/animalriddleimage_freeoffer_large3012.png]
[web/free-kindle-book-get-it-now.html]
[web/images/navratri-dandiya-hinduism-puzzlefortoday-indianculture.atom]
[web/navratri-dandiya-hinduism-puzzlefortoday-indianculture.html]
[web/indexc736.html]
[web/indexf58e.html]
[web/index4606.html]
[web/onam.html]
[web/index8892.html]
[web/images/onam.atom]
[web/designer.html]
[web/images/designer.atom]
[web/help-wanted.html]
[web/images/help-wanted.atom]
[web/jobs.html]
[web/images/jobs.atom]
[web/vacancy.html]
[web/index4598.html]
[web/indexb155.html]
[web/indexb0b8.html]
[web/indexd813.html]
[web/index647c.html]
[web/index2b7e.html]
[web/children-books2679.html]
[web/ebook2679.html]
[web/images/vacancy.atom]
[web/artist.html]
[web/indexdc55.html]
[web/images/artist.atom]
[web/asian.html]
[web/author.html]
[web/images/asian.atom]
[web/images/author.atom]
[web/interactive.html]
[web/images/interactive.atom]
[web/magazine.html]
[web/writer.html]
[web/productimage_sixmonthly_grande_b0bfacfd-71d3-485a-ac10-fc3c53d6aa62_large8b2b.html]
[web/index4d9f.html]
[web/images/magazine.atom]
[web/games2679.html]
[web/jigsaw-amrit-manthan.html]
[web/images/writer.atom]
[web/guess-5-hanuman-names.html]
[web/jig-saw-truck.html]
[web/hangman.html]
[web/jig-saw.html]
[web/index05e4.html]
[web/indian2679.html]
[web/indian9ba9.html]
[web/puzzles2679.html]
[web/images/jig-saw.atom]
[web/freelance.html]
[web/index076c.html]
[web/images/freelance.atom]
[web/free.html]
[web/images/free.atom]
[web/ibook.html]
[web/images/ibook.atom]
[web/shiva.html]
[web/indexb9d5.html]
[web/images/16732294_1249441161818259_2414025693437362176_nc830.jpg]
[web/indexf061.html]
[web/images/shiva.atom]
[web/children2679.html]
[web/children9ba9.html]
[web/culture2679.html]
[web/activity.html]
[web/recommendation.html]
[web/review.html]
[web/south.html]
[web/images/culture dabba children's magazine (3)fc86.jpg]
[web/images/culture dabba children's magazine (2)fc86.jpg]
[web/images/culture dabba children's magazine (6)fc86.jpg]
[web/images/culture dabba children's magazine (8)fc86.jpg]
[web/images/culture dabba children's magazine (9)fc86.jpg]
[web/images/culture dabba children's magazine (4)fc86.jpg]
[web/images/culture dabba children's magazine (10)fc86.jpg]
[web/independent-culturedabba-review-by-vimaneea.html]
[web/educational.html]
[web/images/educational.atom]
[web/learning.html]
[web/indexe67d.html]
[web/diwali2679.html]
[web/images/learning.atom]
[web/images/cd_asura_title_slide_1024x10245fdf.png]
[web/unusual-allies-the-story-of-amrit-manthan.html]
[web/images/culturedabba_cab_400_1024x1024ae68.png]
[web/newsc575.html]
[web/69116099-first-post.html]
[web/images/fb_advertisement_post.001_large1e6c.jpg]
[web/this-shivratri-read-bhasmasur-story-with-your-kids.html]
[web/indexac17.html]
[web/indexd102.html]
[web/indexbded.html]
[web/index2640.html]
[web/index968b.html]
[web/index91f9.html]
[web/index56ea.html]
[web/index722c.html]
[web/indexc2f8.html]
[web/hangman.html]
[web/indexb0c6.html]
[web/images/hangman.atom]
[web/index6fc5.html]
[web/index21bf.html]
[web/index64c0.html]
[web/indexb402.html]
[web/indexc0bc.html]
[web/activity.html]
[web/images/activity.atom]
[web/recommendation.html]
[web/images/recommendation.atom]
[web/review.html]
[web/images/review.atom]
[web/south.html]
[web/index43b4.html]
[web/images/south.atom]
[web/indexdcfd.html]
[web/unusual-allies-the-story-of-amrit-manthan.html]
[web/69116099-first-post.html]
[web/index59e8.html]
[web/index11c4.html]
[web/index1e2e.html]
[web/indexdb27.html]
[web/indexd14c.html]
[web/indexc20c.html]
[web/index5ade.html]
[web/index90a2.html]
[web/indexcbae.html]
[web/index88c0.html]
[web/index6a25.html]
